
> sales-store-app@1.0.0 test
> jest --verbose

npm : FAIL 
src/store/AppStore.test.tsx
No linha:1 caractere:1
+ npm test -- --verbose > 
test_output.txt 2>&1
+ ~~~~~~~~~~~~~~~~~~~~~~~~~~~~~~~~~~~
~~~~~~~~~
    + CategoryInfo          : NotSpe 
   cified: (FAIL src/store/AppStore  
  .test.tsx:String) [], RemoteExce   
 ption
    + FullyQualifiedErrorId : Native 
   CommandError
 
  AppStore Integration Tests
    ÔêÜ should initialize and load 
data from repositories (68 ms)
    CRUD Operations
      ├ù should add a category (2 ms)
      ├ù should add a brand (2 ms)
      ├ù should add a customer (2 ms)
      ├ù should add a product (2 ms)
      ├ù should add a manual payable 
account (2 ms)
    Sales Flow
      ÔêÜ should register a cash 
sale (58 ms)
      ÔêÜ should register an 
installment sale (59 ms)

  ÔùÅ AppStore Integration Tests ÔÇ║ 
CRUD Operations ÔÇ║ should add a 
category

    TypeError: Cannot read 
properties of null (reading 
'addCategory')

    [0m [90m 64 |[39m
     [90m 65 |[39m           
[36mawait[39m act([36masync[39m 
() [33m=>[39m {
    [31m[1m>[22m[39m[90m 66 
|[39m               [36mconst[39m 
res [33m=[39m [36mawait[39m resul
t[33m.[39mcurrent[33m.[39maddCate
gory([32m'Electronics'[39m)[33m;[
39m
     [90m    |[39m                 
                               
[31m[1m^[22m[39m
     [90m 67 |[39m               ex
pect(res[33m.[39mok)[33m.[39mtoBe
([36mtrue[39m)[33m;[39m
     [90m 68 |[39m           
})[33m;[39m
     [90m 69 |[39m[0m

      at addCategory 
(src/store/AppStore.test.tsx:66:48)
      at asyncGeneratorStep (node_mod
ules/@babel/runtime/helpers/asyncToGe
nerator.js:3:17)
      at _next (node_modules/@babel/r
untime/helpers/asyncToGenerator.js:17
:9)
      at node_modules/@babel/runtime/
helpers/asyncToGenerator.js:22:7
      at node_modules/@babel/runtime/
helpers/asyncToGenerator.js:14:12
      at callback (node_modules/@test
ing-library/react-native/src/act.ts:3
1:24)
      at Object.<anonymous>.process.e
nv.NODE_ENV.exports.act (node_modules
/react/cjs/react.development.js:789:2
2)
      at actImplementation (node_modu
les/@testing-library/react-native/src
/act.ts:30:25)
      at Object.<anonymous> 
(src/store/AppStore.test.tsx:65:20)
      at asyncGeneratorStep (node_mod
ules/@babel/runtime/helpers/asyncToGe
nerator.js:3:17)
      at _next (node_modules/@babel/r
untime/helpers/asyncToGenerator.js:17
:9)

  ÔùÅ AppStore Integration Tests ÔÇ║ 
CRUD Operations ÔÇ║ should add a 
brand

    TypeError: Cannot read 
properties of null (reading 
'addBrand')

    [0m [90m 77 |[39m
     [90m 78 |[39m           
[36mawait[39m act([36masync[39m 
() [33m=>[39m {
    [31m[1m>[22m[39m[90m 79 
|[39m               [36mconst[39m 
res [33m=[39m [36mawait[39m resul
t[33m.[39mcurrent[33m.[39maddBran
d([32m'Sony'[39m)[33m;[39m
     [90m    |[39m                 
                               
[31m[1m^[22m[39m
     [90m 80 |[39m               ex
pect(res[33m.[39mok)[33m.[39mtoBe
([36mtrue[39m)[33m;[39m
     [90m 81 |[39m           
})[33m;[39m
     [90m 82 |[39m[0m

      at addBrand 
(src/store/AppStore.test.tsx:79:48)
      at asyncGeneratorStep (node_mod
ules/@babel/runtime/helpers/asyncToGe
nerator.js:3:17)
      at _next (node_modules/@babel/r
untime/helpers/asyncToGenerator.js:17
:9)
      at node_modules/@babel/runtime/
helpers/asyncToGenerator.js:22:7
      at node_modules/@babel/runtime/
helpers/asyncToGenerator.js:14:12
      at callback (node_modules/@test
ing-library/react-native/src/act.ts:3
1:24)
      at Object.<anonymous>.process.e
nv.NODE_ENV.exports.act (node_modules
/react/cjs/react.development.js:789:2
2)
      at actImplementation (node_modu
les/@testing-library/react-native/src
/act.ts:30:25)
      at Object.<anonymous> 
(src/store/AppStore.test.tsx:78:20)
      at asyncGeneratorStep (node_mod
ules/@babel/runtime/helpers/asyncToGe
nerator.js:3:17)
      at _next (node_modules/@babel/r
untime/helpers/asyncToGenerator.js:17
:9)

  ÔùÅ AppStore Integration Tests ÔÇ║ 
CRUD Operations ÔÇ║ should add a 
customer

    TypeError: Cannot read 
properties of null (reading 
'addCustomer')

    [0m [90m  96 |[39m
     [90m  97 |[39m           
[36mawait[39m act([36masync[39m 
() [33m=>[39m {
    [31m[1m>[22m[39m[90m  98 
|[39m               [36mconst[39m 
res [33m=[39m [36mawait[39m resul
t[33m.[39mcurrent[33m.[39maddCust
omer(newCustomer)[33m;[39m
     [90m     |[39m                
                                
[31m[1m^[22m[39m
     [90m  99 |[39m               e
xpect(res[33m.[39mok)[33m.[39mtoB
e([36mtrue[39m)[33m;[39m
     [90m 100 |[39m               e
xpect(res[33m.[39mid)[33m.[39mtoB
eDefined()[33m;[39m
     [90m 101 |[39m           
})[33m;[39m[0m

      at addCustomer 
(src/store/AppStore.test.tsx:98:48)
      at asyncGeneratorStep (node_mod
ules/@babel/runtime/helpers/asyncToGe
nerator.js:3:17)
      at _next (node_modules/@babel/r
untime/helpers/asyncToGenerator.js:17
:9)
      at node_modules/@babel/runtime/
helpers/asyncToGenerator.js:22:7
      at node_modules/@babel/runtime/
helpers/asyncToGenerator.js:14:12
      at callback (node_modules/@test
ing-library/react-native/src/act.ts:3
1:24)
      at Object.<anonymous>.process.e
nv.NODE_ENV.exports.act (node_modules
/react/cjs/react.development.js:789:2
2)
      at actImplementation (node_modu
les/@testing-library/react-native/src
/act.ts:30:25)
      at Object.<anonymous> 
(src/store/AppStore.test.tsx:97:20)
      at asyncGeneratorStep (node_mod
ules/@babel/runtime/helpers/asyncToGe
nerator.js:3:17)
      at _next (node_modules/@babel/r
untime/helpers/asyncToGenerator.js:17
:9)

  ÔùÅ AppStore Integration Tests ÔÇ║ 
CRUD Operations ÔÇ║ should add a 
product

    TypeError: Cannot read 
properties of null (reading 
'addCategory')

    [0m [90m 111 |[39m           
[90m// Setup brands/categories 
first for validation[39m
     [90m 112 |[39m           
[36mawait[39m act([36masync[39m 
() [33m=>[39m {
    [31m[1m>[22m[39m[90m 113 
|[39m              [36mawait[39m r
esult[33m.[39mcurrent[33m.[39madd
Category([32m'Electronics'[39m)[33
m;[39m
     [90m     |[39m                
                   
[31m[1m^[22m[39m
     [90m 114 |[39m              
[36mawait[39m result[33m.[39mcurr
ent[33m.[39maddBrand([32m'Sony'[3
9m)[33m;[39m
     [90m 115 |[39m           
})[33m;[39m
     [90m 116 |[39m[0m

      at addCategory 
(src/store/AppStore.test.tsx:113:35)
      at asyncGeneratorStep (node_mod
ules/@babel/runtime/helpers/asyncToGe
nerator.js:3:17)
      at _next (node_modules/@babel/r
untime/helpers/asyncToGenerator.js:17
:9)
      at node_modules/@babel/runtime/
helpers/asyncToGenerator.js:22:7
      at node_modules/@babel/runtime/
helpers/asyncToGenerator.js:14:12
      at callback (node_modules/@test
ing-library/react-native/src/act.ts:3
1:24)
      at Object.<anonymous>.process.e
nv.NODE_ENV.exports.act (node_modules
/react/cjs/react.development.js:789:2
2)
      at actImplementation (node_modu
les/@testing-library/react-native/src
/act.ts:30:25)
      at Object.<anonymous> 
(src/store/AppStore.test.tsx:112:20)
      at asyncGeneratorStep (node_mod
ules/@babel/runtime/helpers/asyncToGe
nerator.js:3:17)
      at _next (node_modules/@babel/r
untime/helpers/asyncToGenerator.js:17
:9)

  ÔùÅ AppStore Integration Tests ÔÇ║ 
CRUD Operations ÔÇ║ should add a 
manual payable account

    TypeError: Cannot read 
properties of null (reading 
'addManualPayable')

    [0m [90m 146 |[39m
     [90m 147 |[39m            
[36mawait[39m act([36masync[39m 
() [33m=>[39m {
    [31m[1m>[22m[39m[90m 148 
|[39m                
[36mconst[39m res [33m=[39m 
[36mawait[39m result[33m.[39mcurr
ent[33m.[39maddManualPayable(payabl
e)[33m;[39m
     [90m     |[39m                
                                 
[31m[1m^[22m[39m
     [90m 149 |[39m                
expect(res[33m.[39mok)[33m.[39mto
Be([36mtrue[39m)[33m;[39m
     [90m 150 |[39m            
})[33m;[39m
     [90m 151 |[39m[0m

      at addManualPayable 
(src/store/AppStore.test.tsx:148:49)
      at asyncGeneratorStep (node_mod
ules/@babel/runtime/helpers/asyncToGe
nerator.js:3:17)
      at _next (node_modules/@babel/r
untime/helpers/asyncToGenerator.js:17
:9)
      at node_modules/@babel/runtime/
helpers/asyncToGenerator.js:22:7
      at node_modules/@babel/runtime/
helpers/asyncToGenerator.js:14:12
      at callback (node_modules/@test
ing-library/react-native/src/act.ts:3
1:24)
      at Object.<anonymous>.process.e
nv.NODE_ENV.exports.act (node_modules
/react/cjs/react.development.js:789:2
2)
      at actImplementation (node_modu
les/@testing-library/react-native/src
/act.ts:30:25)
      at Object.<anonymous> 
(src/store/AppStore.test.tsx:147:21)
      at asyncGeneratorStep (node_mod
ules/@babel/runtime/helpers/asyncToGe
nerator.js:3:17)
      at _next (node_modules/@babel/r
untime/helpers/asyncToGenerator.js:17
:9)

Test Suites: 1 failed, 1 total
Tests:       5 failed, 3 passed, 8 
total
Snapshots:   0 total
Time:        1.249 s, estimated 2 s
Ran all test suites.
